// Jest Snapshot v1, https://goo.gl/fbAQLP

exports[`renders MyComponent unchanged 1`] = `
<div>
  <div>
    My Component
  </div>
</div>
`;
